// Jest Snapshot v1, https://goo.gl/fbAQLP

exports[`NavigationBarComponent Administrator snapshot 1`] = `
<div>
  <nav
    class="navbar navbar-expand navbar-light bg-light"
  >
    <div
      class="flex-column navbar-nav"
    >
      <a
        class="navbar-brand"
        href="/"
      >
        WINE SESSION
      </a>
      <div
        class="nav-item"
      >
        <div
          class="dropdown nav-item"
        >
          <a
            aria-expanded="false"
            aria-haspopup="true"
            class="dropdown-toggle nav-link"
            href="#"
            id="nav-dropdown-company"
            role="button"
          >
            WINE SESSION
          </a>
        </div>
      </div>
      <div
        class="flex-column navbar-nav"
      >
        <div
          class="nav-item"
        >
          <a
            class="nav-link"
            href="/company"
          >
            Empresas
          </a>
        </div>
        <div
          class="nav-item"
        >
          <a
            class="nav-link"
            href="/operator"
          >
            Operadores
          </a>
        </div>
        <div
          class="nav-item"
        >
          <div
            class="dropdown nav-item"
          >
            <a
              aria-expanded="false"
              aria-haspopup="true"
              class="dropdown-toggle nav-link"
              href="#"
              id="navDropdown_id_2"
              role="button"
            >
              Cadastro
            </a>
          </div>
        </div>
        <div
          class="nav-item"
        >
          <a
            class="nav-link"
            href="/forklift"
          >
            Equipamentos
          </a>
        </div>
      </div>
      <div
        class="nav-item"
      >
        <a
          class="nav-link"
          data-rb-event-key="#"
          href="#"
          role="button"
        >
          Logout
        </a>
      </div>
    </div>
  </nav>
</div>
`;
